Copyright 1986-2022 Xilinx, Inc. All Rights Reserved. Copyright 2022-2026 Advanced Micro Devices, Inc. All Rights Reserved.
---------------------------------------------------------------------------------------------------------------------------------------------
| Tool Version : Vivado v.2026.1 (win64) Build 6511674 Tue Jun 16 11:02:23 MDT 2026
| Date         : Wed Sep 23 17:56:56 2026
| Host         : HP_PAVILLION running 64-bit major release  (build 9200)
| Command      : report_utilization -hierarchical -file reports/utilization_hierarchical.rpt
| Design       : calculator
| Device       : xc7a35tcpg236-1
| Speed File   : -1
| Design State : Synthesized
---------------------------------------------------------------------------------------------------------------------------------------------

Utilization Design Information

Table of Contents
-----------------
1. Utilization by Hierarchy

1. Utilization by Hierarchy
---------------------------

+------------+--------+------------+------------+---------+------+-----+--------+--------+------------+
|  Instance  | Module | Total LUTs | Logic LUTs | LUTRAMs | SRLs | FFs | RAMB36 | RAMB18 | DSP Blocks |
+------------+--------+------------+------------+---------+------+-----+--------+--------+------------+
| calculator |  (top) |          6 |          6 |       0 |    0 |   0 |      0 |      0 |          0 |
+------------+--------+------------+------------+---------+------+-----+--------+--------+------------+


